
karun@DESKTOP-NRTPO2J MINGW64 ~
$ vagrant box add laravel/homestead
==> box: Loading metadata for box 'laravel/homestead'
    box: URL: https://atlas.hashicorp.com/laravel/homestead
This box can work with multiple providers! The providers that it
can work with are listed below. Please review the list and choose
the provider you will be working with.

1) parallels
2) virtualbox
3) vmware_desktop

Enter your choice: 2
==> box: Adding box 'laravel/homestead' (v1.0.1) for provider: virtualbox
    box: Downloading: https://atlas.hashicorp.com/laravel/boxes/homestead/versio                                                                                                                ns/1.0.1/providers/virtualbox.box
    box:
==> box: Successfully added box 'laravel/homestead' (v1.0.1) for 'virtualbox'!

karun@DESKTOP-NRTPO2J MINGW64 ~
$ cd ~

karun@DESKTOP-NRTPO2J MINGW64 ~
$ git clone https://github.com/laravel/homestead.git Homestead
Cloning into 'Homestead'...
remote: Counting objects: 1807, done.
remote: Compressing objects: 100% (9/9), done.
remote: Total 1807 (delta 2), reused 0 (delta 0), pack-reused 1798
Receiving objects: 100% (1807/1807), 299.16 KiB | 192.00 KiB/s, done.
Resolving deltas: 100% (1061/1061), done.

karun@DESKTOP-NRTPO2J MINGW64 ~
$ cd Homestead

karun@DESKTOP-NRTPO2J MINGW64 ~/Homestead (master)
$ bash init.sh
Homestead initialized!

karun@DESKTOP-NRTPO2J MINGW64 ~/Homestead (master)
$ ssh-keygen -t rsa -C “ikarunkub@gmail.com”
Generating public/private rsa key pair.
Enter file in which to save the key (/c/Users/karun/.ssh/id_rsa):
Created directory '/c/Users/karun/.ssh'.
Enter passphrase (empty for no passphrase):
Enter same passphrase again:
Your identification has been saved in /c/Users/karun/.ssh/id_rsa.
Your public key has been saved in /c/Users/karun/.ssh/id_rsa.pub.
The key fingerprint is:
SHA256:c4NAsmONU+KBEeG5Lf/SUk/n++kISMUmvt5alO2ooLE “ikarunkub@gmail.com”
The key's randomart image is:
+---[RSA 2048]----+
|  +=+ o          |
| ..o X .         |
|  o B + +        |
|   + + = +       |
|  o . o S +      |
|   o ..+.=..     |
|  . oooo+o.      |
|   +o+.+.... .   |
|  E  o=.. o++    |
+----[SHA256]-----+

karun@DESKTOP-NRTPO2J MINGW64 ~/Homestead (master)
$

karun@DESKTOP-NRTPO2J MINGW64 ~/Homestead (master)
$ vagrant init
`Vagrantfile` already exists in this directory. Remove it before
running `vagrant init`.

karun@DESKTOP-NRTPO2J MINGW64 ~/Homestead (master)
$ vagrant up
Bringing machine 'homestead-7' up with 'virtualbox' provider...
There are errors in the configuration of this machine. Please fix
the following errors and try again:

vm:
* The host path of the shared folder is missing: ~/Code


karun@DESKTOP-NRTPO2J MINGW64 ~/Homestead (master)
$ vagrant up
Bringing machine 'homestead-7' up with 'virtualbox' provider...
==> homestead-7: Importing base box 'laravel/homestead'...
==> homestead-7: Matching MAC address for NAT networking...
==> homestead-7: Checking if box 'laravel/homestead' is up to date...
==> homestead-7: Setting the name of the VM: homestead-7
==> homestead-7: Clearing any previously set network interfaces...
==> homestead-7: Preparing network interfaces based on configuration...
    homestead-7: Adapter 1: nat
    homestead-7: Adapter 2: hostonly
==> homestead-7: Forwarding ports...
    homestead-7: 80 (guest) => 8000 (host) (adapter 1)
    homestead-7: 443 (guest) => 44300 (host) (adapter 1)
    homestead-7: 3306 (guest) => 33060 (host) (adapter 1)
    homestead-7: 5432 (guest) => 54320 (host) (adapter 1)
    homestead-7: 27017 (guest) => 27017 (host) (adapter 1)
    homestead-7: 22 (guest) => 2222 (host) (adapter 1)
==> homestead-7: Running 'pre-boot' VM customizations...
==> homestead-7: Booting VM...
==> homestead-7: Waiting for machine to boot. This may take a few minutes...
    homestead-7: SSH address: 127.0.0.1:2222
    homestead-7: SSH username: vagrant
    homestead-7: SSH auth method: private key
    homestead-7:
    homestead-7: Vagrant insecure key detected. Vagrant will automatically repla                                                                                                                ce
    homestead-7: this with a newly generated keypair for better security.
    homestead-7:
    homestead-7: Inserting generated public key within guest...
    homestead-7: Removing insecure key from the guest if it's present...
    homestead-7: Key inserted! Disconnecting and reconnecting using new SSH key.                                                                                                                ..
==> homestead-7: Machine booted and ready!
==> homestead-7: Checking for guest additions in VM...
==> homestead-7: Setting hostname...
==> homestead-7: Configuring and enabling network interfaces...
==> homestead-7: Mounting shared folders...
    homestead-7: /vagrant => C:/Users/karun/Homestead
    homestead-7: /home/vagrant/Code => C:/Projects
==> homestead-7: Running provisioner: file...
==> homestead-7: Running provisioner: shell...
    homestead-7: Running: inline script
==> homestead-7: Running provisioner: shell...
    homestead-7: Running: inline script
==> homestead-7:
==> homestead-7: ssh-rsa AAAAB3NzaC1yc2EAAAADAQABAAABAQDXb5ArHRRPJfJz/pdVlm4zh3d                                                                                                                Nm9W8onTWXU8F8yJpEC/uKCJZsYVz/utm03NjwiIri7QuuIXRBZ1XaM1KCszb4Bc5Edmtd4+1ibPrXXv                                                                                                                /xMgUvY8/I9b0LXoLNYbfsFFAPXXlvHorh1//ANkceaZaKYZubWz80skDcnBnm0XGtu/FpXo7b7OOpJT                                                                                                                3NEzc0WrpjcdtXN5kQBOZOCfPy2PrGNmLJWkldyRQDC/zh2kmMDxSzwTLLQuYcimelBgFZXlJFt8CMvN                                                                                                                +94/L9XqjiWuzvee4PTTkCYijCs7NN7VC4KNeBRYfWFoWOiVymvLtInJVLCxFL9XBzDQ3qQUO3yBv “i                                                                                                                karunkub@gmail.com”
==> homestead-7: Running provisioner: shell...
    homestead-7: Running: inline script
==> homestead-7: Running provisioner: shell...
    homestead-7: Running: C:/Users/karun/AppData/Local/Temp/vagrant-shell2017020                                                                                                                1-3976-xeqmw7.sh
==> homestead-7: Running provisioner: shell...
    homestead-7: Running: script: Creating Site: homestead.app
==> homestead-7: Running provisioner: shell...
    homestead-7: Running: script: Restarting Nginx
==> homestead-7: Running provisioner: shell...
    homestead-7: Running: script: Creating MySQL Database: homestead
==> homestead-7: Running provisioner: shell...
    homestead-7: Running: script: Creating Postgres Database: homestead
==> homestead-7: Running provisioner: shell...
    homestead-7: Running: script: Clear Variables
==> homestead-7: Running provisioner: shell...
    homestead-7: Running: script: Update Composer
==> homestead-7: Updating to version 1.3.2 (stable channel).
==> homestead-7:     Downloading: Connecting...
==> homestead-7:     Downloading: 100%
==> homestead-7: Use composer self-update --rollback to return to version 1.2.3
==> homestead-7: Running provisioner: shell...
    homestead-7: Running: C:/Users/karun/AppData/Local/Temp/vagrant-shell2017020                                                                                                                1-3976-e4ieez.sh

karun@DESKTOP-NRTPO2J MINGW64 ~/Homestead (master)
$ composer create-project -- prefer-dist laravel/laravel ceseweb

                                                                                                                                                                                                
  [Composer\Exception\NoSslException]                                                                                                                                                           
  The openssl extension is required for SSL/TLS protection but is not available.                                                                                                                 If you can not enable the openssl ex
  tension, you can disable this error, at your own risk, by setting the 'disable                                                                                                                -tls' option to true.
                                                                                                                                                                                                

create-project [-s|--stability STABILITY] [--prefer-source] [--prefer-dist] [--r                                                                                                                epository REPOSITORY] [--repository-url REPOSITORY-URL] [--dev] [--no-dev] [--no                                                                                                                -custom-installers] [--no-scripts] [--no-progress] [--no-secure-http] [--keep-vc                                                                                                                s] [--no-install] [--ignore-platform-reqs] [--] [<package>] [<directory>] [<vers                                                                                                                ion>]


karun@DESKTOP-NRTPO2J MINGW64 ~/Homestead (master)
$ vagrant ssh
Welcome to Ubuntu 16.04.1 LTS (GNU/Linux 4.4.0-51-generic x86_64)

 * Documentation:  https://help.ubuntu.com
 * Management:     https://landscape.canonical.com
 * Support:        https://ubuntu.com/advantage

3 packages can be updated.
0 updates are security updates.


vagrant@homestead:~$ exit
logout
Connection to 127.0.0.1 closed.

karun@DESKTOP-NRTPO2J MINGW64 ~/Homestead (master)
$ cd

karun@DESKTOP-NRTPO2J MINGW64 ~
$ vagrant ssh
VM must be created before running this command. Run `vagrant up` first.

karun@DESKTOP-NRTPO2J MINGW64 ~
$ cd Homestead

karun@DESKTOP-NRTPO2J MINGW64 ~/Homestead (master)
$ vagrant ssh
Welcome to Ubuntu 16.04.1 LTS (GNU/Linux 4.4.0-51-generic x86_64)

 * Documentation:  https://help.ubuntu.com
 * Management:     https://landscape.canonical.com
 * Support:        https://ubuntu.com/advantage

3 packages can be updated.
0 updates are security updates.


Last login: Wed Feb  1 09:46:15 2017 from 10.0.2.2
vagrant@homestead:~$ ls
Code
vagrant@homestead:~$ cd Code
vagrant@homestead:~/Code$ composer create-project -- prefer-dist laravel/laravel                                                                                                                 CESEweb


  [UnexpectedValueException]
  Could not parse version constraint CESEweb: Invalid version string "CESEweb
  "


create-project [-s|--stability STABILITY] [--prefer-source] [--prefer-dist] [--r                                                                                                                epository REPOSITORY] [--repository-url REPOSITORY-URL] [--dev] [--no-dev] [--no                                                                                                                -custom-installers] [--no-scripts] [--no-progress] [--no-secure-http] [--keep-vc                                                                                                                s] [--no-install] [--ignore-platform-reqs] [--] [<package>] [<directory>] [<vers                                                                                                                ion>]

vagrant@homestead:~/Code$ composer create-projects laravel/laravel --prefer-dist                                                                                                                 Laravel


  [Symfony\Component\Console\Exception\CommandNotFoundException]
  Command "create-projects" is not defined.
  Did you mean this?
      create-project


vagrant@homestead:~/Code$ composer create-projects laravel/laravel --prefer-dist Laravel


  [Symfony\Component\Console\Exception\CommandNotFoundException]
  Command "create-projects" is not defined.
  Did you mean this?
      create-project


vagrant@homestead:~/Code$ composer create-project laravel/laravel --prefer-dist Laravel
Installing laravel/laravel (v5.4.3)
  - Installing laravel/laravel (v5.4.3) Downloading: 100%
Created project in Laravel
> php -r "file_exists('.env') || copy('.env.example', '.env');"
Loading composer repositories with package information
Updating dependencies (including require-dev)
Package operations: 59 installs, 0 updates, 0 removals
  - Installing symfony/polyfill-mbstring (v1.3.0) Loading from cache
  - Installing symfony/var-dumper (v3.2.2) Downloading: 100%
  - Installing jakub-onderka/php-console-color (0.1) Downloading: 100%
  - Installing jakub-onderka/php-console-highlighter (v0.3.2) Downloading: 100%
  - Installing dnoegel/php-xdg-base-dir (0.1) Downloading: 100%
  - Installing nikic/php-parser (v3.0.2) Downloading: 100%
  - Installing psr/log (1.0.2) Loading from cache
  - Installing symfony/debug (v3.2.2) Downloading: 100%
  - Installing symfony/console (v3.2.2) Downloading: 100%
  - Installing psy/psysh (v0.8.1) Downloading: 100%
  - Installing vlucas/phpdotenv (v2.4.0) Downloading: 100%
  - Installing symfony/css-selector (v3.2.2) Downloading: 100%
  - Installing tijsverkoyen/css-to-inline-styles (2.2.0) Downloading: 100%
  - Installing symfony/routing (v3.2.2) Downloading: 100%
  - Installing symfony/process (v3.2.2) Downloading: 100%
  - Installing symfony/http-foundation (v3.2.2) Downloading: 100%
  - Installing symfony/event-dispatcher (v3.2.2) Downloading: 100%
  - Installing symfony/http-kernel (v3.2.2) Downloading: 100%
  - Installing symfony/finder (v3.2.2) Downloading: 100%
  - Installing swiftmailer/swiftmailer (v5.4.5) Downloading: 100%
  - Installing paragonie/random_compat (v2.0.4) Loading from cache
  - Installing ramsey/uuid (3.5.2) Downloading: 100%
  - Installing symfony/translation (v3.2.2) Downloading: 100%
  - Installing nesbot/carbon (1.22.1) Downloading: 100%
  - Installing mtdowling/cron-expression (v1.2.0) Downloading: 100%
  - Installing monolog/monolog (1.22.0) Downloading: 100%
  - Installing league/flysystem (1.0.34) Downloading: 100%
  - Installing erusev/parsedown (1.6.1) Downloading: 100%
  - Installing doctrine/inflector (v1.1.0) Loading from cache
  - Installing laravel/framework (v5.4.7) Downloading: 100%
  - Installing laravel/tinker (v1.0.0) Downloading: 100%
  - Installing fzaninotto/faker (v1.6.0) Downloading: 100%
  - Installing hamcrest/hamcrest-php (v1.2.2) Downloading: 100%
  - Installing mockery/mockery (0.9.7) Downloading: 100%
  - Installing symfony/yaml (v3.2.2) Downloading: 100%
  - Installing sebastian/version (2.0.1) Downloading: 100%
  - Installing sebastian/resource-operations (1.0.0) Downloading: 100%
  - Installing sebastian/recursion-context (2.0.0) Downloading: 100%
  - Installing sebastian/object-enumerator (2.0.0) Downloading: 100%
  - Installing sebastian/global-state (1.1.1) Downloading: 100%
  - Installing sebastian/exporter (2.0.0) Downloading: 100%
  - Installing sebastian/environment (2.0.0) Downloading: 100%
  - Installing sebastian/diff (1.4.1) Downloading: 100%
  - Installing sebastian/comparator (1.2.4) Downloading: 100%
  - Installing doctrine/instantiator (1.0.5) Downloading: 100%
  - Installing phpunit/php-text-template (1.2.1) Downloading: 100%
  - Installing phpunit/phpunit-mock-objects (3.4.3) Downloading: 100%
  - Installing phpunit/php-timer (1.0.8) Downloading: 100%
  - Installing phpunit/php-file-iterator (1.4.2) Downloading: 100%
  - Installing sebastian/code-unit-reverse-lookup (1.0.0) Downloading: 100%
  - Installing phpunit/php-token-stream (1.4.9) Downloading: 100%
  - Installing phpunit/php-code-coverage (4.0.5) Downloading: 100%
  - Installing webmozart/assert (1.2.0) Downloading: 100%
  - Installing phpdocumentor/reflection-common (1.0) Downloading: 100%
  - Installing phpdocumentor/type-resolver (0.2.1) Downloading: 100%
  - Installing phpdocumentor/reflection-docblock (3.1.1) Downloading: 100%
  - Installing phpspec/prophecy (v1.6.2) Downloading: 100%
  - Installing myclabs/deep-copy (1.6.0) Downloading: 100%
  - Installing phpunit/phpunit (5.7.9) Downloading: 100%
symfony/var-dumper suggests installing ext-symfony_debug ()
symfony/console suggests installing symfony/filesystem ()
psy/psysh suggests installing ext-pdo-sqlite (The doc command requires SQLite to work.)
psy/psysh suggests installing hoa/console (A pure PHP readline implementation. You'll want this if your PHP install doesn't already support readline or libedit.)
symfony/routing suggests installing doctrine/annotations (For using the annotation loader)
symfony/routing suggests installing symfony/config (For using the all-in-one router or any loader)
symfony/routing suggests installing symfony/dependency-injection (For loading routes from a service)
symfony/routing suggests installing symfony/expression-language (For using expression matching)
symfony/event-dispatcher suggests installing symfony/dependency-injection ()
symfony/http-kernel suggests installing symfony/browser-kit ()
symfony/http-kernel suggests installing symfony/class-loader ()
symfony/http-kernel suggests installing symfony/config ()
symfony/http-kernel suggests installing symfony/dependency-injection ()
paragonie/random_compat suggests installing ext-libsodium (Provides a modern crypto API that can be used to generate random bytes.)
ramsey/uuid suggests installing ircmaxell/random-lib (Provides RandomLib for use with the RandomLibAdapter)
ramsey/uuid suggests installing ext-libsodium (Provides the PECL libsodium extension for use with the SodiumRandomGenerator)
ramsey/uuid suggests installing ext-uuid (Provides the PECL UUID extension for use with the PeclUuidTimeGenerator and PeclUuidRandomGenerator)
ramsey/uuid suggests installing moontoast/math (Provides support for converting UUID to 128-bit integer (in string form).)
ramsey/uuid suggests installing ramsey/uuid-doctrine (Allows the use of Ramsey\Uuid\Uuid as Doctrine field type.)
ramsey/uuid suggests installing ramsey/uuid-console (A console application for generating UUIDs with ramsey/uuid)
symfony/translation suggests installing symfony/config ()
monolog/monolog suggests installing aws/aws-sdk-php (Allow sending log messages to AWS services like DynamoDB)
monolog/monolog suggests installing doctrine/couchdb (Allow sending log messages to a CouchDB server)
monolog/monolog suggests installing ext-amqp (Allow sending log messages to an AMQP server (1.0+ required))
monolog/monolog suggests installing ext-mongo (Allow sending log messages to a MongoDB server)
monolog/monolog suggests installing graylog2/gelf-php (Allow sending log messages to a GrayLog2 server)
monolog/monolog suggests installing mongodb/mongodb (Allow sending log messages to a MongoDB server via PHP Driver)
monolog/monolog suggests installing php-amqplib/php-amqplib (Allow sending log messages to an AMQP server using php-amqplib)
monolog/monolog suggests installing php-console/php-console (Allow sending log messages to Google Chrome)
monolog/monolog suggests installing rollbar/rollbar (Allow sending log messages to Rollbar)
monolog/monolog suggests installing ruflin/elastica (Allow sending log messages to an Elastic Search server)
monolog/monolog suggests installing sentry/sentry (Allow sending log messages to a Sentry server)
league/flysystem suggests installing league/flysystem-aws-s3-v2 (Allows you to use S3 storage with AWS SDK v2)
league/flysystem suggests installing league/flysystem-aws-s3-v3 (Allows you to use S3 storage with AWS SDK v3)
league/flysystem suggests installing league/flysystem-azure (Allows you to use Windows Azure Blob storage)
league/flysystem suggests installing league/flysystem-cached-adapter (Flysystem adapter decorator for metadata caching)
league/flysystem suggests installing league/flysystem-copy (Allows you to use Copy.com storage)
league/flysystem suggests installing league/flysystem-dropbox (Allows you to use Dropbox storage)
league/flysystem suggests installing league/flysystem-eventable-filesystem (Allows you to use EventableFilesystem)
league/flysystem suggests installing league/flysystem-rackspace (Allows you to use Rackspace Cloud Files)
league/flysystem suggests installing league/flysystem-sftp (Allows you to use SFTP server storage via phpseclib)
league/flysystem suggests installing league/flysystem-webdav (Allows you to use WebDAV storage)
league/flysystem suggests installing league/flysystem-ziparchive (Allows you to use ZipArchive adapter)
laravel/framework suggests installing aws/aws-sdk-php (Required to use the SQS queue driver and SES mail driver (~3.0).)
laravel/framework suggests installing doctrine/dbal (Required to rename columns and drop SQLite columns (~2.5).)
laravel/framework suggests installing guzzlehttp/guzzle (Required to use the Mailgun and Mandrill mail drivers and the ping methods on schedules (~6.0).)
laravel/framework suggests installing league/flysystem-aws-s3-v3 (Required to use the Flysystem S3 driver (~1.0).)
laravel/framework suggests installing league/flysystem-rackspace (Required to use the Flysystem Rackspace driver (~1.0).)
laravel/framework suggests installing nexmo/client (Required to use the Nexmo transport (~1.0).)
laravel/framework suggests installing pda/pheanstalk (Required to use the beanstalk queue driver (~3.0).)
laravel/framework suggests installing predis/predis (Required to use the redis cache and queue drivers (~1.0).)
laravel/framework suggests installing pusher/pusher-php-server (Required to use the Pusher broadcast driver (~2.0).)
laravel/framework suggests installing symfony/dom-crawler (Required to use most of the crawler integration testing tools (~3.2).)
laravel/framework suggests installing symfony/psr-http-message-bridge (Required to psr7 bridging features (0.2.*).)
sebastian/global-state suggests installing ext-uopz (*)
phpunit/php-code-coverage suggests installing ext-xdebug (>=2.4.0)
phpunit/phpunit suggests installing phpunit/php-invoker (~1.1)
phpunit/phpunit suggests installing ext-xdebug (*)
Writing lock file
Generating autoload files
> Illuminate\Foundation\ComposerScripts::postUpdate
> php artisan optimize
Generating optimized class loader
The compiled services file has been removed.
> php artisan key:generate
Application key [base64:K62F2hTqSEDoQPZOOU3O+15eb3W28frTVGxnvpcOee0=] set successfully.
vagrant@homestead:~/Code$
